--- SIMULATED EMAIL ---
Timestamp: 2026-01-10 21:02:09
To: kg1375252@gmail.com
Subject: Your GKTrainza Verification OTP
Body:
Dear user,

Your OTP for ticket #17 is: 551585
This OTP is valid for 10 minutes.

Thank you,
GKTrainza Team
--- END OF EMAIL ---

--- SIMULATED SMS ---
Timestamp: 2026-01-10 21:02:09
To: 9371903193
Message: Your GKTrainza ticket #17 verification OTP is: 551585. It is valid for 10 minutes.
--- END OF SMS ---

--- SIMULATED EMAIL ---
Timestamp: 2026-01-10 16:32:17
To: kg1375252@gmail.com
Subject: Ticket Verified Successfully!
Body:
Dear user,

Your ticket #17 has been successfully verified.
Enjoy your journey!

Thank you,
GKTrainza Team
--- END OF EMAIL ---

--- SIMULATED SMS ---
Timestamp: 2026-01-10 16:32:17
To: 9371903193
Message: Your GKTrainza ticket #17 has been verified. Enjoy your journey!
--- END OF SMS ---

--- SIMULATED EMAIL ---
Timestamp: 2026-01-10 21:06:01
To: kg1375252@gmail.com
Subject: Your GKTrainza Verification OTP
Body:
Dear user,

Your OTP for ticket #18 is: 284447
This OTP is valid for 10 minutes.

Thank you,
GKTrainza Team
--- END OF EMAIL ---

--- SIMULATED SMS ---
Timestamp: 2026-01-10 21:06:01
To: 9371903193
Message: Your GKTrainza ticket #18 verification OTP is: 284447. It is valid for 10 minutes.
--- END OF SMS ---

--- SIMULATED EMAIL ---
Timestamp: 2026-01-10 16:36:09
To: kg1375252@gmail.com
Subject: Ticket Verified Successfully!
Body:
Dear user,

Your ticket #18 has been successfully verified.
Enjoy your journey!

Thank you,
GKTrainza Team
--- END OF EMAIL ---

--- SIMULATED SMS ---
Timestamp: 2026-01-10 16:36:09
To: 9371903193
Message: Your GKTrainza ticket #18 has been verified. Enjoy your journey!
--- END OF SMS ---

--- SIMULATED EMAIL ---
Timestamp: 2026-01-10 21:16:13
To: kg1375252@gmail.com
Subject: Your Ticket Verification OTP
Body:
Dear user,

Your OTP for ticket #19 is: 806309
This OTP is valid for 10 minutes.

Thank you,
GKTrainza Team
--- END OF EMAIL ---

--- SIMULATED SMS ---
Timestamp: 2026-01-10 21:16:13
To: 9371903193
Message: Your Trainza ticket #19 verification OTP is: 806309. It is valid for 10 minutes.
--- END OF SMS ---

--- SIMULATED EMAIL ---
Timestamp: 2026-01-10 16:46:21
To: kg1375252@gmail.com
Subject: Ticket Verified Successfully!
Body:
Dear user,

Your ticket #19 has been successfully verified.
Enjoy your journey!

Thank you,
GKTrainza Team
--- END OF EMAIL ---

--- SIMULATED SMS ---
Timestamp: 2026-01-10 16:46:21
To: 9371903193
Message: Your GKTrainza ticket #19 has been verified. Enjoy your journey!
--- END OF SMS ---

--- SIMULATED EMAIL ---
Timestamp: 2026-01-10 21:52:53
To: rohit1234567890shinde@gmail.com
Subject: Your Ticket Verification OTP
Body:
Dear user,

Your OTP for ticket #20 is: 201774
This OTP is valid for 10 minutes.

Thank you,
Trainza Team
--- END OF EMAIL ---

--- SIMULATED SMS ---
Timestamp: 2026-01-10 21:52:53
To: 1234567890
Message: Your Trainza ticket #20 verification OTP is: 201774. It is valid for 10 minutes.
--- END OF SMS ---

--- SIMULATED EMAIL ---
Timestamp: 2026-01-10 17:23:01
To: rohit1234567890shinde@gmail.com
Subject: Ticket Verified Successfully!
Body:
Dear user,

Your ticket #20 has been successfully verified.
Enjoy your journey!

Thank you,
GKTrainza Team
--- END OF EMAIL ---

--- SIMULATED SMS ---
Timestamp: 2026-01-10 17:23:01
To: 1234567890
Message: Your GKTrainza ticket #20 has been verified. Enjoy your journey!
--- END OF SMS ---

--- SIMULATED EMAIL ---
Timestamp: 2026-01-23 20:12:24
To: kg1375252@gmail.com
Subject: Your Ticket Verification OTP
Body:
Dear user,

Your OTP for ticket #15 is: 363956
This OTP is valid for 10 minutes.

Thank you,
Trainza Team
--- END OF EMAIL ---

--- SIMULATED SMS ---
Timestamp: 2026-01-23 20:12:24
To: 9371903193
Message: Your Trainza ticket #15 verification OTP is: 363956. It is valid for 10 minutes.
--- END OF SMS ---

--- SIMULATED EMAIL ---
Timestamp: 2026-01-23 15:42:40
To: kg1375252@gmail.com
Subject: Ticket Verified Successfully!
Body:
Dear user,

Your ticket #15 has been successfully verified.
Enjoy your journey!

Thank you,
GKTrainza Team
--- END OF EMAIL ---

--- SIMULATED SMS ---
Timestamp: 2026-01-23 15:42:40
To: 9371903193
Message: Your GKTrainza ticket #15 has been verified. Enjoy your journey!
--- END OF SMS ---

--- SIMULATED EMAIL ---
Timestamp: 2026-01-23 20:13:40
To: kg1375252@gmail.com
Subject: Your Ticket Verification OTP
Body:
Dear user,

Your OTP for ticket #16 is: 682935
This OTP is valid for 10 minutes.

Thank you,
Trainza Team
--- END OF EMAIL ---

--- SIMULATED SMS ---
Timestamp: 2026-01-23 20:13:40
To: 1234567890
Message: Your Trainza ticket #16 verification OTP is: 682935. It is valid for 10 minutes.
--- END OF SMS ---

--- SIMULATED EMAIL ---
Timestamp: 2026-01-23 15:43:47
To: kg1375252@gmail.com
Subject: Ticket Verified Successfully!
Body:
Dear user,

Your ticket #16 has been successfully verified.
Enjoy your journey!

Thank you,
GKTrainza Team
--- END OF EMAIL ---

--- SIMULATED SMS ---
Timestamp: 2026-01-23 15:43:47
To: 1234567890
Message: Your GKTrainza ticket #16 has been verified. Enjoy your journey!
--- END OF SMS ---

--- SIMULATED EMAIL ---
Timestamp: 2026-03-10 12:02:50
To: rohit1234567890shinde@gmail.com
Subject: Your Ticket Verification OTP
Body:
Dear user,

Your OTP for ticket #17 is: 983718
This OTP is valid for 10 minutes.

Thank you,
Trainza Team
--- END OF EMAIL ---

--- SIMULATED SMS ---
Timestamp: 2026-03-10 12:02:50
To: 9371903193
Message: Your Trainza ticket #17 verification OTP is: 983718. It is valid for 10 minutes.
--- END OF SMS ---

--- SIMULATED EMAIL ---
Timestamp: 2026-03-10 07:33:01
To: rohit1234567890shinde@gmail.com
Subject: Ticket Verified Successfully!
Body:
Dear user,

Your ticket #17 has been successfully verified.
Enjoy your journey!

Thank you,
GKTrainza Team
--- END OF EMAIL ---

--- SIMULATED SMS ---
Timestamp: 2026-03-10 07:33:01
To: 9371903193
Message: Your GKTrainza ticket #17 has been verified. Enjoy your journey!
--- END OF SMS ---

--- SIMULATED EMAIL ---
Timestamp: 2026-03-10 12:35:14
To: rohit1234567890shinde@gmail.com
Subject: Your Ticket Verification OTP
Body:
Dear user,

Your OTP for ticket #18 is: 764619
This OTP is valid for 10 minutes.

Thank you,
Trainza Team
--- END OF EMAIL ---

--- SIMULATED SMS ---
Timestamp: 2026-03-10 12:35:14
To: 9371903193
Message: Your Trainza ticket #18 verification OTP is: 764619. It is valid for 10 minutes.
--- END OF SMS ---

--- SIMULATED EMAIL ---
Timestamp: 2026-03-10 08:05:25
To: rohit1234567890shinde@gmail.com
Subject: Ticket Verified Successfully!
Body:
Dear user,

Your ticket #18 has been successfully verified.
Enjoy your journey!

Thank you,
GKTrainza Team
--- END OF EMAIL ---

--- SIMULATED SMS ---
Timestamp: 2026-03-10 08:05:25
To: 9371903193
Message: Your GKTrainza ticket #18 has been verified. Enjoy your journey!
--- END OF SMS ---

--- SIMULATED EMAIL ---
Timestamp: 2026-04-18 08:44:16
To: rohit1234567890shinde@gmail.com
Subject: Your Ticket Verification OTP
Body:
Dear user,

Your OTP for ticket #19 is: 864667
This OTP is valid for 10 minutes.

Thank you,
Trainza Team
--- END OF EMAIL ---

--- SIMULATED SMS ---
Timestamp: 2026-04-18 08:44:16
To: 9371903193
Message: Your Trainza ticket #19 verification OTP is: 864667. It is valid for 10 minutes.
--- END OF SMS ---

--- SIMULATED EMAIL ---
Timestamp: 2026-04-18 05:14:24
To: rohit1234567890shinde@gmail.com
Subject: Ticket Verified Successfully!
Body:
Dear user,

Your ticket #19 has been successfully verified.
Enjoy your journey!

Thank you,
GKTrainza Team
--- END OF EMAIL ---

--- SIMULATED SMS ---
Timestamp: 2026-04-18 05:14:24
To: 9371903193
Message: Your GKTrainza ticket #19 has been verified. Enjoy your journey!
--- END OF SMS ---

